#
# There is insufficient memory for the Java Runtime Environment to continue.
# Native memory allocation (mmap) failed to map 39845888 bytes for G1 virtual space
# Possible reasons:
#   The system is out of physical RAM or swap space
#   The process is running with CompressedOops enabled, and the Java Heap may be blocking the growth of the native heap
# Possible solutions:
#   Reduce memory load on the system
#   Increase physical memory or swap space
#   Check if swap backing store is full
#   Decrease Java heap size (-Xmx/-Xms)
#   Decrease number of Java threads
#   Decrease Java thread stack sizes (-Xss)
#   Set larger code cache with -XX:ReservedCodeCacheSize=
#   JVM is running with Zero Based Compressed Oops mode in which the Java heap is
#     placed in the first 32GB address space. The Java Heap base address is the
#     maximum limit for the native heap growth. Please use -XX:HeapBaseMinAddress
#     to set the Java Heap base and to place the Java Heap above 32GB virtual address.
# This output file may be truncated or incomplete.
#
#  Out of Memory Error (os_windows.cpp:3600), pid=10716, tid=31280
#
# JRE version: Java(TM) SE Runtime Environment (21.0.5+9) (build 21.0.5+9-LTS-239)
# Java VM: Java HotSpot(TM) 64-Bit Server VM (21.0.5+9-LTS-239, mixed mode, sharing, tiered, compressed oops, compressed class ptrs, g1 gc, windows-amd64)
# No core dump will be written. Minidumps are not enabled by default on client versions of Windows
#

---------------  S U M M A R Y ------------

Command Line: -agentlib:jdwp=transport=dt_socket,address=127.0.0.1:63485,suspend=y,server=n -javaagent:C:\Users\lodhishi\AppData\Local\JetBrains\IdeaIC2023.1\captureAgent\debugger-agent.jar=file:/C:/Users/lodhishi/AppData/Local/Temp/capture.props -Dfile.encoding=UTF-8 -Dsun.stdout.encoding=UTF-8 -Dsun.stderr.encoding=UTF-8 com.posthub.MainApplication

Host: Intel(R) Core(TM) i5-10400 CPU @ 2.90GHz, 12 cores, 15G,  Windows 10 , 64 bit Build 19041 (10.0.19041.5198)
Time: Thu Jul 17 12:00:56 2025 India Standard Time elapsed time: 17.408326 seconds (0d 0h 0m 17s)

---------------  T H R E A D  ---------------

Current thread (0x0000022d61106c50):  VMThread "VM Thread"          [id=31280, stack(0x000000dcea600000,0x000000dcea700000) (1024K)]

Stack: [0x000000dcea600000,0x000000dcea700000]
Native frames: (J=compiled Java code, j=interpreted, Vv=VM code, C=native code)
V  [jvm.dll+0x6ca289]
V  [jvm.dll+0x854a51]
V  [jvm.dll+0x856f7e]
V  [jvm.dll+0x857653]
V  [jvm.dll+0x27dd26]
V  [jvm.dll+0x6c6a25]
V  [jvm.dll+0x6bb5aa]
V  [jvm.dll+0x35359a]
V  [jvm.dll+0x35b1f6]
V  [jvm.dll+0x3adade]
V  [jvm.dll+0x3add88]
V  [jvm.dll+0x3278fc]
V  [jvm.dll+0x32a156]
V  [jvm.dll+0x334108]
V  [jvm.dll+0x36a3f5]
V  [jvm.dll+0x85d420]
V  [jvm.dll+0x85e7a4]
V  [jvm.dll+0x85ece0]
V  [jvm.dll+0x85ef83]
V  [jvm.dll+0x7fee9b]
V  [jvm.dll+0x6c896d]
C  [ucrtbase.dll+0x21bb2]
C  [KERNEL32.DLL+0x17374]
C  [ntdll.dll+0x4cc91]

VM_Operation (0x000000dcea1ffad0): G1PauseRemark, mode: safepoint, requested by thread 0x0000022d446eb840


---------------  P R O C E S S  ---------------

Threads class SMR info:
_java_thread_list=0x0000022d6cc18590, length=44, elements={
0x0000022d41bd2da0, 0x0000022d680132e0, 0x0000022d68015350, 0x0000022d680161b0,
0x0000022d68018c10, 0x0000022d6801d9d0, 0x0000022d6801e420, 0x0000022d6802d6d0,
0x0000022d6802e160, 0x0000022d6822c7f0, 0x0000022d68279370, 0x0000022d68318300,
0x0000022d68318980, 0x0000022d682acc30, 0x0000022d68ef43a0, 0x0000022d68f1c860,
0x0000022d6b3888b0, 0x0000022d6e5cfe10, 0x0000022d6a6f9260, 0x0000022d6e5cf0f0,
0x0000022d6e5d0b30, 0x0000022d6e5d59f0, 0x0000022d6e5d1ee0, 0x0000022d6e5d2570,
0x0000022d6e5d3290, 0x0000022d69fcfef0, 0x0000022d69fcf860, 0x0000022d69fcd100,
0x0000022d69fd0580, 0x0000022d69fcbd50, 0x0000022d69fd1930, 0x0000022d69fceb40,
0x0000022d69fd0c10, 0x0000022d69fcca70, 0x0000022d69fcf1d0, 0x0000022d69fd1fc0,
0x0000022d69fd12a0, 0x0000022d69fd2650, 0x0000022d69fd2ce0, 0x0000022d69fd3370,
0x0000022d69fcc3e0, 0x0000022d69fcd790, 0x0000022d69fcde20, 0x0000022d6e5d2c00
}

Java Threads: ( => current thread )
  0x0000022d41bd2da0 JavaThread "main"                              [_thread_blocked, id=42676, stack(0x000000dce9f00000,0x000000dcea000000) (1024K)]
  0x0000022d680132e0 JavaThread "Reference Handler"          daemon [_thread_blocked, id=14016, stack(0x000000dcea700000,0x000000dcea800000) (1024K)]
  0x0000022d68015350 JavaThread "Finalizer"                  daemon [_thread_blocked, id=14700, stack(0x000000dcea800000,0x000000dcea900000) (1024K)]
  0x0000022d680161b0 JavaThread "Signal Dispatcher"          daemon [_thread_blocked, id=47248, stack(0x000000dcea900000,0x000000dceaa00000) (1024K)]
  0x0000022d68018c10 JavaThread "Attach Listener"            daemon [_thread_blocked, id=11016, stack(0x000000dceaa00000,0x000000dceab00000) (1024K)]
  0x0000022d6801d9d0 JavaThread "Service Thread"             daemon [_thread_blocked, id=46060, stack(0x000000dceab00000,0x000000dceac00000) (1024K)]
  0x0000022d6801e420 JavaThread "Monitor Deflation Thread"   daemon [_thread_blocked, id=45436, stack(0x000000dceac00000,0x000000dcead00000) (1024K)]
  0x0000022d6802d6d0 JavaThread "C2 CompilerThread0"         daemon [_thread_blocked, id=14224, stack(0x000000dcead00000,0x000000dceae00000) (1024K)]
  0x0000022d6802e160 JavaThread "C1 CompilerThread0"         daemon [_thread_blocked, id=26808, stack(0x000000dceae00000,0x000000dceaf00000) (1024K)]
  0x0000022d6822c7f0 JavaThread "Common-Cleaner"             daemon [_thread_blocked, id=49076, stack(0x000000dceaf00000,0x000000dceb000000) (1024K)]
  0x0000022d68279370 JavaThread "JDWP Transport Listener: dt_socket" daemon [_thread_blocked, id=21192, stack(0x000000dceb000000,0x000000dceb100000) (1024K)]
  0x0000022d68318300 JavaThread "JDWP Event Helper Thread"   daemon [_thread_blocked, id=29920, stack(0x000000dceb100000,0x000000dceb200000) (1024K)]
  0x0000022d68318980 JavaThread "JDWP Command Reader"        daemon [_thread_in_native, id=21788, stack(0x000000dceb200000,0x000000dceb300000) (1024K)]
  0x0000022d682acc30 JavaThread "Notification Thread"        daemon [_thread_blocked, id=3284, stack(0x000000dceb300000,0x000000dceb400000) (1024K)]
  0x0000022d68ef43a0 JavaThread "Thread-0"                          [_thread_blocked, id=11608, stack(0x000000dcebe00000,0x000000dcebf00000) (1024K)]
  0x0000022d68f1c860 JavaThread "restartedMain"                     [_thread_blocked, id=28920, stack(0x000000dcebf00000,0x000000dcec000000) (1024K)]
  0x0000022d6b3888b0 JavaThread "PostgreSQL-JDBC-Cleaner"    daemon [_thread_blocked, id=12520, stack(0x000000dcec400000,0x000000dcec500000) (1024K)]
  0x0000022d6e5cfe10 JavaThread "HikariPool-1 housekeeper"   daemon [_thread_blocked, id=45728, stack(0x000000dcec200000,0x000000dcec300000) (1024K)]
  0x0000022d6a6f9260 JavaThread "C2 CompilerThread1"         daemon [_thread_blocked, id=24720, stack(0x000000dcec100000,0x000000dcec200000) (1024K)]
  0x0000022d6e5cf0f0 JavaThread "lettuce-eventExecutorLoop-1-1" daemon [_thread_blocked, id=43236, stack(0x000000dcec600000,0x000000dcec700000) (1024K)]
  0x0000022d6e5d0b30 JavaThread "lettuce-timer-3-1"          daemon [_thread_blocked, id=48260, stack(0x000000dcec700000,0x000000dcec800000) (1024K)]
  0x0000022d6e5d59f0 JavaThread "Catalina-utility-1"                [_thread_blocked, id=22676, stack(0x000000dcec800000,0x000000dcec900000) (1024K)]
  0x0000022d6e5d1ee0 JavaThread "Catalina-utility-2"                [_thread_blocked, id=45128, stack(0x000000dcec900000,0x000000dceca00000) (1024K)]
  0x0000022d6e5d2570 JavaThread "container-0"                       [_thread_blocked, id=48928, stack(0x000000dceca00000,0x000000dcecb00000) (1024K)]
  0x0000022d6e5d3290 JavaThread "Live Reload Server"         daemon [_thread_in_native, id=17504, stack(0x000000dcecb00000,0x000000dcecc00000) (1024K)]
  0x0000022d69fcfef0 JavaThread "ClassGraph-worker-76"       daemon [_thread_blocked, id=19572, stack(0x000000dcec500000,0x000000dcec600000) (1024K)]
  0x0000022d69fcf860 JavaThread "ClassGraph-worker-77"       daemon [_thread_blocked, id=45080, stack(0x000000dcecc00000,0x000000dcecd00000) (1024K)]
  0x0000022d69fcd100 JavaThread "ClassGraph-worker-78"       daemon [_thread_blocked, id=11420, stack(0x000000dcecd00000,0x000000dcece00000) (1024K)]
  0x0000022d69fd0580 JavaThread "ClassGraph-worker-79"       daemon [_thread_blocked, id=33760, stack(0x000000dcece00000,0x000000dcecf00000) (1024K)]
  0x0000022d69fcbd50 JavaThread "ClassGraph-worker-80"       daemon [_thread_blocked, id=21768, stack(0x000000dcecf00000,0x000000dced000000) (1024K)]
  0x0000022d69fd1930 JavaThread "ClassGraph-worker-81"       daemon [_thread_blocked, id=46396, stack(0x000000dced000000,0x000000dced100000) (1024K)]
  0x0000022d69fceb40 JavaThread "ClassGraph-worker-82"       daemon [_thread_blocked, id=16420, stack(0x000000dced100000,0x000000dced200000) (1024K)]
  0x0000022d69fd0c10 JavaThread "ClassGraph-worker-83"       daemon [_thread_blocked, id=30432, stack(0x000000dced200000,0x000000dced300000) (1024K)]
  0x0000022d69fcca70 JavaThread "ClassGraph-worker-84"       daemon [_thread_blocked, id=19096, stack(0x000000dced300000,0x000000dced400000) (1024K)]
  0x0000022d69fcf1d0 JavaThread "ClassGraph-worker-85"       daemon [_thread_blocked, id=20960, stack(0x000000dced400000,0x000000dced500000) (1024K)]
  0x0000022d69fd1fc0 JavaThread "ClassGraph-worker-86"       daemon [_thread_blocked, id=39868, stack(0x000000dced500000,0x000000dced600000) (1024K)]
  0x0000022d69fd12a0 JavaThread "ClassGraph-worker-87"       daemon [_thread_blocked, id=27540, stack(0x000000dced600000,0x000000dced700000) (1024K)]
  0x0000022d69fd2650 JavaThread "ClassGraph-worker-88"       daemon [_thread_blocked, id=22960, stack(0x000000dced700000,0x000000dced800000) (1024K)]
  0x0000022d69fd2ce0 JavaThread "ClassGraph-worker-89"       daemon [_thread_blocked, id=19672, stack(0x000000dced800000,0x000000dced900000) (1024K)]
  0x0000022d69fd3370 JavaThread "ClassGraph-worker-90"       daemon [_thread_blocked, id=14672, stack(0x000000dced900000,0x000000dceda00000) (1024K)]
  0x0000022d69fcc3e0 JavaThread "ClassGraph-worker-91"       daemon [_thread_blocked, id=3272, stack(0x000000dceda00000,0x000000dcedb00000) (1024K)]
  0x0000022d69fcd790 JavaThread "ClassGraph-worker-92"       daemon [_thread_blocked, id=42248, stack(0x000000dcedb00000,0x000000dcedc00000) (1024K)]
  0x0000022d69fcde20 JavaThread "ClassGraph-worker-93"       daemon [_thread_blocked, id=1756, stack(0x000000dcedc00000,0x000000dcedd00000) (1024K)]
  0x0000022d6e5d2c00 JavaThread "ClassGraph-worker-94"       daemon [_thread_blocked, id=17624, stack(0x000000dcedd00000,0x000000dcede00000) (1024K)]
Total: 44

Other Threads:
=>0x0000022d61106c50 VMThread "VM Thread"                           [id=31280, stack(0x000000dcea600000,0x000000dcea700000) (1024K)]
  0x0000022d610f8ec0 WatcherThread "VM Periodic Task Thread"        [id=48632, stack(0x000000dcea500000,0x000000dcea600000) (1024K)]
  0x0000022d446dab20 WorkerThread "GC Thread#0"                     [id=42060, stack(0x000000dcea000000,0x000000dcea100000) (1024K)]
  0x0000022d68ea8420 WorkerThread "GC Thread#1"                     [id=21776, stack(0x000000dceb500000,0x000000dceb600000) (1024K)]
  0x0000022d68de97d0 WorkerThread "GC Thread#2"                     [id=45196, stack(0x000000dceb600000,0x000000dceb700000) (1024K)]
  0x0000022d68de8950 WorkerThread "GC Thread#3"                     [id=7212, stack(0x000000dceb700000,0x000000dceb800000) (1024K)]
  0x0000022d68de9b70 WorkerThread "GC Thread#4"                     [id=29300, stack(0x000000dceb800000,0x000000dceb900000) (1024K)]
  0x0000022d68de85b0 WorkerThread "GC Thread#5"                     [id=30564, stack(0x000000dceb900000,0x000000dceba00000) (1024K)]
  0x0000022d68de8210 WorkerThread "GC Thread#6"                     [id=11036, stack(0x000000dceba00000,0x000000dcebb00000) (1024K)]
  0x0000022d68de8cf0 WorkerThread "GC Thread#7"                     [id=44736, stack(0x000000dcebb00000,0x000000dcebc00000) (1024K)]
  0x0000022d68de9090 WorkerThread "GC Thread#8"                     [id=13560, stack(0x000000dcebc00000,0x000000dcebd00000) (1024K)]
  0x0000022d68de9430 WorkerThread "GC Thread#9"                     [id=22548, stack(0x000000dcebd00000,0x000000dcebe00000) (1024K)]
  0x0000022d446eb840 ConcurrentGCThread "G1 Main Marker"            [id=8868, stack(0x000000dcea100000,0x000000dcea200000) (1024K)]
  0x0000022d446ece60 WorkerThread "G1 Conc#0"                       [id=12108, stack(0x000000dcea200000,0x000000dcea300000) (1024K)]
  0x0000022d69104f60 WorkerThread "G1 Conc#1"                       [id=10852, stack(0x000000dceb400000,0x000000dceb500000) (1024K)]
  0x0000022d69105300 WorkerThread "G1 Conc#2"                       [id=12684, stack(0x000000dcec000000,0x000000dcec100000) (1024K)]
  0x0000022d60fb7960 ConcurrentGCThread "G1 Refine#0"               [id=11256, stack(0x000000dcea300000,0x000000dcea400000) (1024K)]
  0x0000022d60fb83d0 ConcurrentGCThread "G1 Service"                [id=41124, stack(0x000000dcea400000,0x000000dcea500000) (1024K)]
Total: 18

Threads with active compile tasks:
C2 CompilerThread0    17697 9305       4       org.springframework.aop.support.AopUtils::canApply (210 bytes)
C2 CompilerThread1    17697 10225       4       org.springframework.beans.factory.support.AbstractBeanFactory::isTypeMatch (619 bytes)
Total: 2

VM state: at safepoint (normal execution)

VM Mutex/Monitor currently owned by a thread:  ([mutex/lock_event])
[0x00007ffcba83be98] Threads_lock - owner thread: 0x0000022d61106c50
[0x00007ffcba83bf98] Heap_lock - owner thread: 0x0000022d446eb840

Heap address: 0x0000000703600000, size: 4042 MB, Compressed Oops mode: Zero based, Oop shift amount: 3

CDS archive(s) mapped at: [0x0000022d00000000-0x0000022d00c90000-0x0000022d00c90000), size 13172736, SharedBaseAddress: 0x0000022d00000000, ArchiveRelocationMode: 1.
Compressed class space mapped at: 0x0000022d01000000-0x0000022d41000000, reserved size: 1073741824
Narrow klass base: 0x0000022d00000000, Narrow klass shift: 0, Narrow klass range: 0x100000000

GC Precious Log:
 CardTable entry size: 512
 Card Set container configuration: InlinePtr #cards 4 size 8 Array Of Cards #cards 16 size 48 Howl #buckets 8 coarsen threshold 3686 Howl Bitmap #cards 512 size 80 coarsen threshold 460 Card regions per heap region 1 cards per card region 4096
 CPUs: 12 total, 12 available
 Memory: 16164M
 Large Page Support: Disabled
 NUMA Support: Disabled
 Compressed Oops: Enabled (Zero based)
 Heap Region Size: 2M
 Heap Min Capacity: 8M
 Heap Initial Capacity: 254M
 Heap Max Capacity: 4042M
 Pre-touch: Disabled
 Parallel Workers: 10
 Concurrent Workers: 3
 Concurrent Refinement Workers: 10
 Periodic GC: Disabled

Heap:
 garbage-first heap   total 112640K, used 88064K [0x0000000703600000, 0x0000000800000000)
  region size 2048K, 6 young (12288K), 2 survivors (4096K)
 Metaspace       used 98395K, committed 99328K, reserved 1179648K
  class space    used 13043K, committed 13440K, reserved 1048576K

Heap Regions: E=young(eden), S=young(survivor), O=old, HS=humongous(starts), HC=humongous(continues), CS=collection set, F=free, TAMS=top-at-mark-start, PB=parsable bottom
|   0|0x0000000703600000, 0x0000000703800000, 0x0000000703800000|100%| O|  |TAMS 0x0000000703800000| PB 0x0000000703800000| Untracked 
|   1|0x0000000703800000, 0x0000000703a00000, 0x0000000703a00000|100%| O|  |TAMS 0x0000000703a00000| PB 0x0000000703a00000| Untracked 
|   2|0x0000000703a00000, 0x0000000703c00000, 0x0000000703c00000|100%| O|  |TAMS 0x0000000703c00000| PB 0x0000000703c00000| Untracked 
|   3|0x0000000703c00000, 0x0000000703e00000, 0x0000000703e00000|100%| O|  |TAMS 0x0000000703e00000| PB 0x0000000703e00000| Untracked 
|   4|0x0000000703e00000, 0x0000000704000000, 0x0000000704000000|100%| O|  |TAMS 0x0000000704000000| PB 0x0000000704000000| Untracked 
|   5|0x0000000704000000, 0x0000000704200000, 0x0000000704200000|100%| O|  |TAMS 0x0000000704200000| PB 0x0000000704200000| Untracked 
|   6|0x0000000704200000, 0x0000000704400000, 0x0000000704400000|100%| O|  |TAMS 0x0000000704400000| PB 0x0000000704400000| Untracked 
|   7|0x0000000704400000, 0x0000000704600000, 0x0000000704600000|100%| O|  |TAMS 0x0000000704600000| PB 0x0000000704600000| Untracked 
|   8|0x0000000704600000, 0x0000000704800000, 0x0000000704800000|100%| O|  |TAMS 0x0000000704800000| PB 0x0000000704800000| Untracked 
|   9|0x0000000704800000, 0x0000000704a00000, 0x0000000704a00000|100%| O|  |TAMS 0x0000000704a00000| PB 0x0000000704a00000| Untracked 
|  10|0x0000000704a00000, 0x0000000704c00000, 0x0000000704c00000|100%| O|  |TAMS 0x0000000704c00000| PB 0x0000000704c00000| Untracked 
|  11|0x0000000704c00000, 0x0000000704e00000, 0x0000000704e00000|100%| O|  |TAMS 0x0000000704e00000| PB 0x0000000704e00000| Untracked 
|  12|0x0000000704e00000, 0x0000000705000000, 0x0000000705000000|100%| O|  |TAMS 0x0000000705000000| PB 0x0000000705000000| Untracked 
|  13|0x0000000705000000, 0x0000000705200000, 0x0000000705200000|100%| O|  |TAMS 0x0000000705200000| PB 0x0000000705200000| Untracked 
|  14|0x0000000705200000, 0x0000000705400000, 0x0000000705400000|100%| O|  |TAMS 0x0000000705400000| PB 0x0000000705400000| Untracked 
|  15|0x0000000705400000, 0x0000000705600000, 0x0000000705600000|100%| O|  |TAMS 0x0000000705600000| PB 0x0000000705600000| Untracked 
|  16|0x0000000705600000, 0x0000000705800000, 0x0000000705800000|100%| O|  |TAMS 0x0000000705800000| PB 0x0000000705800000| Untracked 
|  17|0x0000000705800000, 0x0000000705a00000, 0x0000000705a00000|100%| O|  |TAMS 0x0000000705a00000| PB 0x0000000705a00000| Untracked 
|  18|0x0000000705a00000, 0x0000000705c00000, 0x0000000705c00000|100%| O|  |TAMS 0x0000000705c00000| PB 0x0000000705c00000| Untracked 
|  19|0x0000000705c00000, 0x0000000705e00000, 0x0000000705e00000|100%| O|  |TAMS 0x0000000705c00000| PB 0x0000000705c00000| Untracked 
|  20|0x0000000705e00000, 0x0000000706000000, 0x0000000706000000|100%| O|  |TAMS 0x0000000706000000| PB 0x0000000706000000| Untracked 
|  21|0x0000000706000000, 0x0000000706200000, 0x0000000706200000|100%| O|  |TAMS 0x0000000706200000| PB 0x0000000706200000| Untracked 
|  22|0x0000000706200000, 0x0000000706400000, 0x0000000706400000|100%| O|  |TAMS 0x0000000706400000| PB 0x0000000706400000| Untracked 
|  23|0x0000000706400000, 0x0000000706600000, 0x0000000706600000|100%| O|  |TAMS 0x0000000706600000| PB 0x0000000706600000| Untracked 
|  24|0x0000000706600000, 0x0000000706800000, 0x0000000706800000|100%| O|  |TAMS 0x0000000706800000| PB 0x0000000706800000| Updating 
|  25|0x0000000706800000, 0x0000000706a00000, 0x0000000706a00000|100%| O|  |TAMS 0x0000000706a00000| PB 0x0000000706a00000| Updating 
|  26|0x0000000706a00000, 0x0000000706c00000, 0x0000000706c00000|100%| O|  |TAMS 0x0000000706c00000| PB 0x0000000706c00000| Untracked 
|  27|0x0000000706c00000, 0x0000000706e00000, 0x0000000706e00000|100%| O|  |TAMS 0x0000000706e00000| PB 0x0000000706e00000| Updating 
|  28|0x0000000706e00000, 0x0000000707000000, 0x0000000707000000|100%| O|  |TAMS 0x0000000707000000| PB 0x0000000707000000| Updating 
|  29|0x0000000707000000, 0x0000000707200000, 0x0000000707200000|100%| O|  |TAMS 0x0000000707200000| PB 0x0000000707200000| Updating 
|  30|0x0000000707200000, 0x0000000707400000, 0x0000000707400000|100%| O|  |TAMS 0x0000000707400000| PB 0x0000000707400000| Updating 
|  31|0x0000000707400000, 0x0000000707600000, 0x0000000707600000|100%| O|  |TAMS 0x0000000707600000| PB 0x0000000707600000| Updating 
|  32|0x0000000707600000, 0x0000000707800000, 0x0000000707800000|100%| O|  |TAMS 0x0000000707800000| PB 0x0000000707800000| Updating 
|  33|0x0000000707800000, 0x0000000707a00000, 0x0000000707a00000|100%| O|  |TAMS 0x0000000707a00000| PB 0x0000000707a00000| Updating 
|  34|0x0000000707a00000, 0x0000000707c00000, 0x0000000707c00000|100%| O|  |TAMS 0x0000000707b0bb90| PB 0x0000000707b0bb90| Updating 
|  35|0x0000000707c00000, 0x0000000707e00000, 0x0000000707e00000|100%| O|  |TAMS 0x0000000707c00000| PB 0x0000000707c00000| Untracked 
|  36|0x0000000707e00000, 0x0000000708000000, 0x0000000708000000|100%| O|  |TAMS 0x0000000707e00000| PB 0x0000000707e00000| Untracked 
|  37|0x0000000708000000, 0x0000000708200000, 0x0000000708200000|100%| O|  |TAMS 0x0000000708000000| PB 0x0000000708000000| Untracked 
|  38|0x0000000708200000, 0x0000000708200000, 0x0000000708400000|  0%| F|  |TAMS 0x0000000708200000| PB 0x0000000708200000| Untracked 
|  39|0x0000000708400000, 0x0000000708400000, 0x0000000708600000|  0%| F|  |TAMS 0x0000000708400000| PB 0x0000000708400000| Untracked 
|  40|0x0000000708600000, 0x0000000708600000, 0x0000000708800000|  0%| F|  |TAMS 0x0000000708600000| PB 0x0000000708600000| Untracked 
|  41|0x0000000708800000, 0x0000000708800000, 0x0000000708a00000|  0%| F|  |TAMS 0x0000000708800000| PB 0x0000000708800000| Untracked 
|  42|0x0000000708a00000, 0x0000000708c00000, 0x0000000708c00000|100%| S|CS|TAMS 0x0000000708a00000| PB 0x0000000708a00000| Complete 
|  43|0x0000000708c00000, 0x0000000708e00000, 0x0000000708e00000|100%| S|CS|TAMS 0x0000000708c00000| PB 0x0000000708c00000| Complete 
|  44|0x0000000708e00000, 0x0000000708e00000, 0x0000000709000000|  0%| F|  |TAMS 0x0000000708e00000| PB 0x0000000708e00000| Untracked 
|  45|0x0000000709000000, 0x0000000709000000, 0x0000000709200000|  0%| F|  |TAMS 0x0000000709000000| PB 0x0000000709000000| Untracked 
|  46|0x0000000709200000, 0x0000000709200000, 0x0000000709400000|  0%| F|  |TAMS 0x0000000709200000| PB 0x0000000709200000| Untracked 
|  47|0x0000000709400000, 0x0000000709400000, 0x0000000709600000|  0%| F|  |TAMS 0x0000000709400000| PB 0x0000000709400000| Untracked 
|  48|0x0000000709600000, 0x0000000709600000, 0x0000000709800000|  0%| F|  |TAMS 0x0000000709600000| PB 0x0000000709600000| Untracked 
|  49|0x0000000709800000, 0x0000000709800000, 0x0000000709a00000|  0%| F|  |TAMS 0x0000000709800000| PB 0x0000000709800000| Untracked 
|  50|0x0000000709a00000, 0x0000000709a00000, 0x0000000709c00000|  0%| F|  |TAMS 0x0000000709a00000| PB 0x0000000709a00000| Untracked 
|  92|0x000000070ee00000, 0x000000070eeefe00, 0x000000070f000000| 46%| E|  |TAMS 0x000000070ee00000| PB 0x000000070ee00000| Complete 
|  93|0x000000070f000000, 0x000000070f200000, 0x000000070f200000|100%| E|CS|TAMS 0x000000070f000000| PB 0x000000070f000000| Complete 
|  94|0x000000070f200000, 0x000000070f400000, 0x000000070f400000|100%| E|CS|TAMS 0x000000070f200000| PB 0x000000070f200000| Complete 
| 126|0x0000000713200000, 0x0000000713400000, 0x0000000713400000|100%| E|CS|TAMS 0x0000000713200000| PB 0x0000000713200000| Complete 

Card table byte_map: [0x0000022d5c7f0000,0x0000022d5cfe0000] _byte_map_base: 0x0000022d58fd5000

Marking Bits: (CMBitMap*) 0x0000022d446db120
 Bits: [0x0000022d5cfe0000, 0x0000022d60f08000)

Polling page: 0x0000022d435b0000

Metaspace:

Usage:
  Non-class:     83.35 MB used.
      Class:     12.74 MB used.
       Both:     96.09 MB used.

Virtual space:
  Non-class space:      128.00 MB reserved,      83.88 MB ( 66%) committed,  2 nodes.
      Class space:        1.00 GB reserved,      13.12 MB (  1%) committed,  1 nodes.
             Both:        1.12 GB reserved,      97.00 MB (  8%) committed. 

Chunk freelists:
   Non-Class:  11.80 MB
       Class:  2.84 MB
        Both:  14.64 MB

MaxMetaspaceSize: unlimited
CompressedClassSpaceSize: 1.00 GB
Initial GC threshold: 21.00 MB
Current GC threshold: 161.06 MB
CDS: on
 - commit_granule_bytes: 65536.
 - commit_granule_words: 8192.
 - virtual_space_node_default_size: 8388608.
 - enlarge_chunks_in_place: 1.
 - use_allocation_guard: 0.


Internal statistics:

num_allocs_failed_limit: 9.
num_arena_births: 1320.
num_arena_deaths: 6.
num_vsnodes_births: 3.
num_vsnodes_deaths: 0.
num_space_committed: 1552.
num_space_uncommitted: 0.
num_chunks_returned_to_freelist: 18.
num_chunks_taken_from_freelist: 4894.
num_chunk_merges: 9.
num_chunk_splits: 3545.
num_chunks_enlarged: 2780.
num_inconsistent_stats: 0.

CodeHeap 'non-profiled nmethods': size=120000Kb used=4405Kb max_used=6624Kb free=115595Kb
 bounds [0x0000022d54580000, 0x0000022d54c00000, 0x0000022d5bab0000]
CodeHeap 'profiled nmethods': size=120000Kb used=17841Kb max_used=18029Kb free=102158Kb
 bounds [0x0000022d4cab0000, 0x0000022d4dc50000, 0x0000022d53fe0000]
CodeHeap 'non-nmethods': size=5760Kb used=1813Kb max_used=1905Kb free=3946Kb
 bounds [0x0000022d53fe0000, 0x0000022d54250000, 0x0000022d54580000]
 total_blobs=9394 nmethods=8625 adapters=672
 compilation: enabled
              stopped_count=0, restarted_count=0
 full_count=0

Compilation events (20 events):
Event: 17.328 Thread 0x0000022d6802e160 10686       2       java.nio.ByteBuffer::<init> (14 bytes)
Event: 17.328 Thread 0x0000022d6802e160 nmethod 10686 0x0000022d4dc49110 code [0x0000022d4dc492c0, 0x0000022d4dc49430]
Event: 17.329 Thread 0x0000022d6802e160 10687       2       java.util.IdentityHashMap::<init> (44 bytes)
Event: 17.330 Thread 0x0000022d6802e160 nmethod 10687 0x0000022d4dc49510 code [0x0000022d4dc49720, 0x0000022d4dc49c00]
Event: 17.331 Thread 0x0000022d6802e160 10688       2       java.nio.MappedByteBuffer::limit (6 bytes)
Event: 17.331 Thread 0x0000022d6802e160 nmethod 10688 0x0000022d4dc49e90 code [0x0000022d4dc4a020, 0x0000022d4dc4a160]
Event: 17.331 Thread 0x0000022d6802e160 10689       2       java.nio.MappedByteBuffer::position (6 bytes)
Event: 17.331 Thread 0x0000022d6802e160 nmethod 10689 0x0000022d4dc4a210 code [0x0000022d4dc4a3a0, 0x0000022d4dc4a4e0]
Event: 17.373 Thread 0x0000022d6802e160 10690       2       nonapi.io.github.classgraph.fastzipfilereader.FastZipEntry::getSlice (181 bytes)
Event: 17.374 Thread 0x0000022d6802e160 nmethod 10690 0x0000022d4dc4a590 code [0x0000022d4dc4a840, 0x0000022d4dc4b090]
Event: 17.380 Thread 0x0000022d6802e160 10691       3       sun.nio.fs.WindowsPath::hashCode (52 bytes)
Event: 17.380 Thread 0x0000022d6802e160 nmethod 10691 0x0000022d4dc4b510 code [0x0000022d4dc4b760, 0x0000022d4dc4c120]
Event: 17.380 Thread 0x0000022d6802e160 10692       2       jdk.internal.misc.Unsafe::freeMemory (18 bytes)
Event: 17.381 Thread 0x0000022d6802e160 nmethod 10692 0x0000022d4dc4c510 code [0x0000022d4dc4c6c0, 0x0000022d4dc4c880]
Event: 17.381 Thread 0x0000022d6802e160 10693       2       jdk.internal.misc.Unsafe::freeMemoryChecks (7 bytes)
Event: 17.381 Thread 0x0000022d6802e160 nmethod 10693 0x0000022d4dc4c990 code [0x0000022d4dc4cb20, 0x0000022d4dc4cc30]
Event: 17.382 Thread 0x0000022d6802e160 10694       2       nonapi.io.github.classgraph.fastzipfilereader.ZipFileSlice::appendPath (39 bytes)
Event: 17.382 Thread 0x0000022d6802e160 nmethod 10694 0x0000022d4dc4cd10 code [0x0000022d4dc4cee0, 0x0000022d4dc4d0c8]
Event: 17.386 Thread 0x0000022d6802e160 10695       2       io.github.classgraph.Scanner$2$1::newInstance (180 bytes)
Event: 17.387 Thread 0x0000022d6802e160 nmethod 10695 0x0000022d4dc4d290 code [0x0000022d4dc4d520, 0x0000022d4dc4ded0]

GC Heap History (20 events):
Event: 13.305 GC heap before
{Heap before GC invocations=20 (full 0):
 garbage-first heap   total 90112K, used 78595K [0x0000000703600000, 0x0000000800000000)
  region size 2048K, 21 young (43008K), 2 survivors (4096K)
 Metaspace       used 85702K, committed 86400K, reserved 1179648K
  class space    used 11301K, committed 11648K, reserved 1048576K
}
Event: 13.309 GC heap after
{Heap after GC invocations=21 (full 0):
 garbage-first heap   total 90112K, used 42201K [0x0000000703600000, 0x0000000800000000)
  region size 2048K, 3 young (6144K), 3 survivors (6144K)
 Metaspace       used 85702K, committed 86400K, reserved 1179648K
  class space    used 11301K, committed 11648K, reserved 1048576K
}
Event: 13.793 GC heap before
{Heap before GC invocations=22 (full 0):
 garbage-first heap   total 90112K, used 72921K [0x0000000703600000, 0x0000000800000000)
  region size 2048K, 19 young (38912K), 3 survivors (6144K)
 Metaspace       used 89664K, committed 90432K, reserved 1179648K
  class space    used 11959K, committed 12288K, reserved 1048576K
}
Event: 13.799 GC heap after
{Heap after GC invocations=23 (full 0):
 garbage-first heap   total 90112K, used 44300K [0x0000000703600000, 0x0000000800000000)
  region size 2048K, 3 young (6144K), 3 survivors (6144K)
 Metaspace       used 89664K, committed 90432K, reserved 1179648K
  class space    used 11959K, committed 12288K, reserved 1048576K
}
Event: 14.338 GC heap before
{Heap before GC invocations=23 (full 0):
 garbage-first heap   total 90112K, used 75020K [0x0000000703600000, 0x0000000800000000)
  region size 2048K, 18 young (36864K), 3 survivors (6144K)
 Metaspace       used 92413K, committed 93184K, reserved 1179648K
  class space    used 12305K, committed 12672K, reserved 1048576K
}
Event: 14.344 GC heap after
{Heap after GC invocations=24 (full 0):
 garbage-first heap   total 90112K, used 46072K [0x0000000703600000, 0x0000000800000000)
  region size 2048K, 2 young (4096K), 2 survivors (4096K)
 Metaspace       used 92413K, committed 93184K, reserved 1179648K
  class space    used 12305K, committed 12672K, reserved 1048576K
}
Event: 14.743 GC heap before
{Heap before GC invocations=24 (full 0):
 garbage-first heap   total 90112K, used 78840K [0x0000000703600000, 0x0000000800000000)
  region size 2048K, 18 young (36864K), 2 survivors (4096K)
 Metaspace       used 92971K, committed 93760K, reserved 1179648K
  class space    used 12362K, committed 12736K, reserved 1048576K
}
Event: 14.747 GC heap after
{Heap after GC invocations=25 (full 0):
 garbage-first heap   total 108544K, used 47927K [0x0000000703600000, 0x0000000800000000)
  region size 2048K, 2 young (4096K), 2 survivors (4096K)
 Metaspace       used 92971K, committed 93760K, reserved 1179648K
  class space    used 12362K, committed 12736K, reserved 1048576K
}
Event: 15.428 GC heap before
{Heap before GC invocations=26 (full 0):
 garbage-first heap   total 108544K, used 95031K [0x0000000703600000, 0x0000000800000000)
  region size 2048K, 25 young (51200K), 2 survivors (4096K)
 Metaspace       used 94745K, committed 95616K, reserved 1179648K
  class space    used 12596K, committed 12992K, reserved 1048576K
}
Event: 15.432 GC heap after
{Heap after GC invocations=27 (full 0):
 garbage-first heap   total 108544K, used 50349K [0x0000000703600000, 0x0000000800000000)
  region size 2048K, 4 young (8192K), 4 survivors (8192K)
 Metaspace       used 94745K, committed 95616K, reserved 1179648K
  class space    used 12596K, committed 12992K, reserved 1048576K
}
Event: 16.201 GC heap before
{Heap before GC invocations=27 (full 0):
 garbage-first heap   total 108544K, used 89261K [0x0000000703600000, 0x0000000800000000)
  region size 2048K, 23 young (47104K), 4 survivors (8192K)
 Metaspace       used 97034K, committed 97920K, reserved 1179648K
  class space    used 12915K, committed 13312K, reserved 1048576K
}
Event: 16.208 GC heap after
{Heap after GC invocations=28 (full 0):
 garbage-first heap   total 108544K, used 51884K [0x0000000703600000, 0x0000000800000000)
  region size 2048K, 3 young (6144K), 3 survivors (6144K)
 Metaspace       used 97034K, committed 97920K, reserved 1179648K
  class space    used 12915K, committed 13312K, reserved 1048576K
}
Event: 16.593 GC heap before
{Heap before GC invocations=28 (full 0):
 garbage-first heap   total 108544K, used 92844K [0x0000000703600000, 0x0000000800000000)
  region size 2048K, 23 young (47104K), 3 survivors (6144K)
 Metaspace       used 98088K, committed 98944K, reserved 1179648K
  class space    used 13024K, committed 13440K, reserved 1048576K
}
Event: 16.607 GC heap after
{Heap after GC invocations=29 (full 0):
 garbage-first heap   total 108544K, used 59053K [0x0000000703600000, 0x0000000800000000)
  region size 2048K, 3 young (6144K), 3 survivors (6144K)
 Metaspace       used 98088K, committed 98944K, reserved 1179648K
  class space    used 13024K, committed 13440K, reserved 1048576K
}
Event: 16.985 GC heap before
{Heap before GC invocations=30 (full 0):
 garbage-first heap   total 112640K, used 93869K [0x0000000703600000, 0x0000000800000000)
  region size 2048K, 20 young (40960K), 3 survivors (6144K)
 Metaspace       used 98278K, committed 99200K, reserved 1179648K
  class space    used 13040K, committed 13440K, reserved 1048576K
}
Event: 16.994 GC heap after
{Heap after GC invocations=31 (full 0):
 garbage-first heap   total 112640K, used 68404K [0x0000000703600000, 0x0000000800000000)
  region size 2048K, 3 young (6144K), 3 survivors (6144K)
 Metaspace       used 98278K, committed 99200K, reserved 1179648K
  class space    used 13040K, committed 13440K, reserved 1048576K
}
Event: 17.134 GC heap before
{Heap before GC invocations=31 (full 0):
 garbage-first heap   total 112640K, used 95028K [0x0000000703600000, 0x0000000800000000)
  region size 2048K, 17 young (34816K), 3 survivors (6144K)
 Metaspace       used 98290K, committed 99200K, reserved 1179648K
  class space    used 13040K, committed 13440K, reserved 1048576K
}
Event: 17.143 GC heap after
{Heap after GC invocations=32 (full 0):
 garbage-first heap   total 112640K, used 74798K [0x0000000703600000, 0x0000000800000000)
  region size 2048K, 3 young (6144K), 3 survivors (6144K)
 Metaspace       used 98290K, committed 99200K, reserved 1179648K
  class space    used 13040K, committed 13440K, reserved 1048576K
}
Event: 17.332 GC heap before
{Heap before GC invocations=32 (full 0):
 garbage-first heap   total 112640K, used 95278K [0x0000000703600000, 0x0000000800000000)
  region size 2048K, 14 young (28672K), 3 survivors (6144K)
 Metaspace       used 98398K, committed 99328K, reserved 1179648K
  class space    used 13043K, committed 13440K, reserved 1048576K
}
Event: 17.340 GC heap after
{Heap after GC invocations=33 (full 0):
 garbage-first heap   total 112640K, used 81920K [0x0000000703600000, 0x0000000800000000)
  region size 2048K, 2 young (4096K), 2 survivors (4096K)
 Metaspace       used 98398K, committed 99328K, reserved 1179648K
  class space    used 13043K, committed 13440K, reserved 1048576K
}

Dll operation events (13 events):
Event: 0.017 Loaded shared library C:\Program Files\Java\jdk-21.0.5\bin\java.dll
Event: 0.020 Loaded shared library C:\Program Files\Java\jdk-21.0.5\bin\zip.dll
Event: 0.060 Loaded shared library C:\Program Files\Java\jdk-21.0.5\bin\jsvml.dll
Event: 0.280 Loaded shared library C:\Program Files\Java\jdk-21.0.5\bin\instrument.dll
Event: 0.330 Loaded shared library C:\Program Files\Java\jdk-21.0.5\bin\net.dll
Event: 0.333 Loaded shared library C:\Program Files\Java\jdk-21.0.5\bin\nio.dll
Event: 0.343 Loaded shared library C:\Program Files\Java\jdk-21.0.5\bin\zip.dll
Event: 0.572 Loaded shared library C:\Program Files\Java\jdk-21.0.5\bin\jimage.dll
Event: 0.885 Loaded shared library C:\Program Files\Java\jdk-21.0.5\bin\management.dll
Event: 0.888 Loaded shared library C:\Program Files\Java\jdk-21.0.5\bin\management_ext.dll
Event: 2.118 Loaded shared library C:\Program Files\Java\jdk-21.0.5\bin\sunmscapi.dll
Event: 8.109 Loaded shared library C:\Program Files\Java\jdk-21.0.5\bin\extnet.dll
Event: 10.261 Loaded shared library C:\Program Files\Java\jdk-21.0.5\bin\verify.dll

Deoptimization events (20 events):
Event: 17.375 Thread 0x0000022d69fcf860 DEOPT PACKING pc=0x0000022d4db4bf94 sp=0x000000dceccfeaa0
Event: 17.375 Thread 0x0000022d69fcf860 DEOPT UNPACKING pc=0x0000022d54034e42 sp=0x000000dceccfdf70 mode 1
Event: 17.375 Thread 0x0000022d69fcf860 DEOPT PACKING pc=0x0000022d4d611954 sp=0x000000dceccfec40
Event: 17.375 Thread 0x0000022d69fcf860 DEOPT UNPACKING pc=0x0000022d54034e42 sp=0x000000dceccfe170 mode 1
Event: 17.375 Thread 0x0000022d69fcf860 DEOPT PACKING pc=0x0000022d4d610e94 sp=0x000000dceccfed60
Event: 17.375 Thread 0x0000022d69fcf860 DEOPT UNPACKING pc=0x0000022d54034e42 sp=0x000000dceccfe1f8 mode 1
Event: 17.377 Thread 0x0000022d69fcf860 DEOPT PACKING pc=0x0000022d4db6305c sp=0x000000dceccfe960
Event: 17.377 Thread 0x0000022d69fcf860 DEOPT UNPACKING pc=0x0000022d54034e42 sp=0x000000dceccfde30 mode 1
Event: 17.377 Thread 0x0000022d69fcf860 DEOPT PACKING pc=0x0000022d4db964e4 sp=0x000000dceccfea30
Event: 17.377 Thread 0x0000022d69fcf860 DEOPT UNPACKING pc=0x0000022d54034e42 sp=0x000000dceccfdf08 mode 1
Event: 17.377 Thread 0x0000022d69fcf860 DEOPT PACKING pc=0x0000022d4d4dc464 sp=0x000000dceccfeb10
Event: 17.377 Thread 0x0000022d69fcf860 DEOPT UNPACKING pc=0x0000022d54034e42 sp=0x000000dceccfdff8 mode 1
Event: 17.377 Thread 0x0000022d69fcf860 DEOPT PACKING pc=0x0000022d4db4bf94 sp=0x000000dceccfeaa0
Event: 17.377 Thread 0x0000022d69fcf860 DEOPT UNPACKING pc=0x0000022d54034e42 sp=0x000000dceccfdf70 mode 1
Event: 17.377 Thread 0x0000022d69fcf860 DEOPT PACKING pc=0x0000022d4d611954 sp=0x000000dceccfec40
Event: 17.377 Thread 0x0000022d69fcf860 DEOPT UNPACKING pc=0x0000022d54034e42 sp=0x000000dceccfe170 mode 1
Event: 17.377 Thread 0x0000022d69fcf860 DEOPT PACKING pc=0x0000022d4d610e94 sp=0x000000dceccfed60
Event: 17.377 Thread 0x0000022d69fcf860 DEOPT UNPACKING pc=0x0000022d54034e42 sp=0x000000dceccfe1f8 mode 1
Event: 17.380 Thread 0x0000022d69fd3370 DEOPT PACKING pc=0x0000022d4cbbe988 sp=0x000000dced9fecb0
Event: 17.380 Thread 0x0000022d69fd3370 DEOPT UNPACKING pc=0x0000022d54034e42 sp=0x000000dced9fe1c0 mode 0

Classes loaded (20 events):
Event: 16.858 Loading class io/github/classgraph/Resource
Event: 16.858 Loading class io/github/classgraph/Resource done
Event: 16.875 Loading class org/webjars/MavenProperties
Event: 16.875 Loading class org/webjars/MavenProperties done
Event: 16.877 Loading class org/webjars/WebJarAssetLocator$WebJarInfo
Event: 16.877 Loading class org/webjars/WebJarAssetLocator$WebJarInfo done
Event: 16.877 Loading class org/webjars/MavenProperties
Event: 16.877 Loading class org/webjars/MavenProperties done
Event: 16.888 Loading class org/springframework/web/servlet/resource/PathResourceResolver
Event: 16.888 Loading class org/springframework/web/servlet/resource/PathResourceResolver done
Event: 16.890 Loading class org/springframework/web/servlet/resource/DefaultResourceResolverChain
Event: 16.890 Loading class org/springframework/web/servlet/resource/DefaultResourceResolverChain done
Event: 16.891 Loading class org/springframework/web/servlet/resource/DefaultResourceTransformerChain
Event: 16.891 Loading class org/springframework/web/servlet/resource/DefaultResourceTransformerChain done
Event: 16.892 Loading class org/springframework/web/servlet/resource/ResourceHttpRequestHandler
Event: 16.892 Loading class org/springframework/web/servlet/resource/ResourceHttpRequestHandler done
Event: 16.892 Loading class org/springframework/http/MediaType
Event: 16.892 Loading class org/springframework/http/MediaType done
Event: 16.892 Loading class org/springframework/http/MediaType
Event: 16.892 Loading class org/springframework/http/MediaType done

Classes unloaded (3 events):
Event: 16.658 Thread 0x0000022d61106c50 Unloading class 0x0000022d01c6c000 'jdk/internal/reflect/GeneratedSerializationConstructorAccessor3'
Event: 16.658 Thread 0x0000022d61106c50 Unloading class 0x0000022d01c52400 'jdk/internal/reflect/GeneratedSerializationConstructorAccessor2'
Event: 17.390 Thread 0x0000022d61106c50 Unloading class 0x0000022d01c70c00 'jdk/internal/reflect/GeneratedSerializationConstructorAccessor4'

Classes redefined (0 events):
No events

Internal exceptions (20 events):
Event: 17.343 Thread 0x0000022d69fcf860 Exception <a 'sun/nio/fs/WindowsException'{0x000000071327d180}> (0x000000071327d180) 
thrown [s\open\src\hotspot\share\prims\jni.cpp, line 520]
Event: 17.344 Thread 0x0000022d69fcf860 Exception <a 'sun/nio/fs/WindowsException'{0x000000071327d480}> (0x000000071327d480) 
thrown [s\open\src\hotspot\share\prims\jni.cpp, line 520]
Event: 17.353 Thread 0x0000022d69fcf860 Exception <a 'sun/nio/fs/WindowsException'{0x000000071327de08}> (0x000000071327de08) 
thrown [s\open\src\hotspot\share\prims\jni.cpp, line 520]
Event: 17.354 Thread 0x0000022d69fcf860 Exception <a 'sun/nio/fs/WindowsException'{0x000000071327e148}> (0x000000071327e148) 
thrown [s\open\src\hotspot\share\prims\jni.cpp, line 520]
Event: 17.357 Thread 0x0000022d69fcf860 Exception <a 'sun/nio/fs/WindowsException'{0x000000071327eaa8}> (0x000000071327eaa8) 
thrown [s\open\src\hotspot\share\prims\jni.cpp, line 520]
Event: 17.357 Thread 0x0000022d69fcf860 Exception <a 'sun/nio/fs/WindowsException'{0x000000071327edb8}> (0x000000071327edb8) 
thrown [s\open\src\hotspot\share\prims\jni.cpp, line 520]
Event: 17.364 Thread 0x0000022d69fcf860 Exception <a 'sun/nio/fs/WindowsException'{0x000000071327f6f0}> (0x000000071327f6f0) 
thrown [s\open\src\hotspot\share\prims\jni.cpp, line 520]
Event: 17.364 Thread 0x0000022d69fcf860 Exception <a 'sun/nio/fs/WindowsException'{0x000000071327f9c0}> (0x000000071327f9c0) 
thrown [s\open\src\hotspot\share\prims\jni.cpp, line 520]
Event: 17.366 Thread 0x0000022d69fcf860 Exception <a 'sun/nio/fs/WindowsException'{0x0000000713280308}> (0x0000000713280308) 
thrown [s\open\src\hotspot\share\prims\jni.cpp, line 520]
Event: 17.366 Thread 0x0000022d69fcf860 Exception <a 'sun/nio/fs/WindowsException'{0x00000007132805f8}> (0x00000007132805f8) 
thrown [s\open\src\hotspot\share\prims\jni.cpp, line 520]
Event: 17.368 Thread 0x0000022d69fcf860 Exception <a 'sun/nio/fs/WindowsException'{0x000000070f2c7ea8}> (0x000000070f2c7ea8) 
thrown [s\open\src\hotspot\share\prims\jni.cpp, line 520]
Event: 17.368 Thread 0x0000022d69fcf860 Exception <a 'sun/nio/fs/WindowsException'{0x000000070f2c8188}> (0x000000070f2c8188) 
thrown [s\open\src\hotspot\share\prims\jni.cpp, line 520]
Event: 17.371 Thread 0x0000022d69fcf860 Exception <a 'sun/nio/fs/WindowsException'{0x000000070f2c8ad0}> (0x000000070f2c8ad0) 
thrown [s\open\src\hotspot\share\prims\jni.cpp, line 520]
Event: 17.371 Thread 0x0000022d69fcf860 Exception <a 'sun/nio/fs/WindowsException'{0x000000070f2c8dc0}> (0x000000070f2c8dc0) 
thrown [s\open\src\hotspot\share\prims\jni.cpp, line 520]
Event: 17.374 Thread 0x0000022d69fcf860 Exception <a 'sun/nio/fs/WindowsException'{0x000000070f2c9720}> (0x000000070f2c9720) 
thrown [s\open\src\hotspot\share\prims\jni.cpp, line 520]
Event: 17.374 Thread 0x0000022d69fcf860 Exception <a 'sun/nio/fs/WindowsException'{0x000000070f2c9a30}> (0x000000070f2c9a30) 
thrown [s\open\src\hotspot\share\prims\jni.cpp, line 520]
Event: 17.375 Thread 0x0000022d69fcf860 Exception <a 'sun/nio/fs/WindowsException'{0x000000070f2ca3a8}> (0x000000070f2ca3a8) 
thrown [s\open\src\hotspot\share\prims\jni.cpp, line 520]
Event: 17.375 Thread 0x0000022d69fcf860 Exception <a 'sun/nio/fs/WindowsException'{0x000000070f2ca6d0}> (0x000000070f2ca6d0) 
thrown [s\open\src\hotspot\share\prims\jni.cpp, line 520]
Event: 17.377 Thread 0x0000022d69fcf860 Exception <a 'sun/nio/fs/WindowsException'{0x000000070f2cb040}> (0x000000070f2cb040) 
thrown [s\open\src\hotspot\share\prims\jni.cpp, line 520]
Event: 17.377 Thread 0x0000022d69fcf860 Exception <a 'sun/nio/fs/WindowsException'{0x000000070f34c8d8}> (0x000000070f34c8d8) 
thrown [s\open\src\hotspot\share\prims\jni.cpp, line 520]

ZGC Phase Switch (0 events):
No events

VM Operations (20 events):
Event: 16.014 Executing VM operation: HandshakeAllThreads (Deoptimize) done
Event: 16.143 Executing VM operation: HandshakeAllThreads (Deoptimize)
Event: 16.143 Executing VM operation: HandshakeAllThreads (Deoptimize) done
Event: 16.201 Executing VM operation: G1CollectForAllocation (G1 Evacuation Pause)
Event: 16.208 Executing VM operation: G1CollectForAllocation (G1 Evacuation Pause) done
Event: 16.593 Executing VM operation: G1CollectForAllocation (G1 Evacuation Pause)
Event: 16.613 Executing VM operation: G1CollectForAllocation (G1 Evacuation Pause) done
Event: 16.657 Executing VM operation: G1PauseRemark
Event: 16.673 Executing VM operation: G1PauseRemark done
Event: 16.690 Executing VM operation: G1PauseCleanup
Event: 16.690 Executing VM operation: G1PauseCleanup done
Event: 16.854 Executing VM operation: HandshakeAllThreads (Deoptimize)
Event: 16.854 Executing VM operation: HandshakeAllThreads (Deoptimize) done
Event: 16.985 Executing VM operation: G1CollectForAllocation (G1 Evacuation Pause)
Event: 16.996 Executing VM operation: G1CollectForAllocation (G1 Evacuation Pause) done
Event: 17.134 Executing VM operation: G1CollectForAllocation (G1 Evacuation Pause)
Event: 17.146 Executing VM operation: G1CollectForAllocation (G1 Evacuation Pause) done
Event: 17.332 Executing VM operation: G1CollectForAllocation (G1 Evacuation Pause)
Event: 17.345 Executing VM operation: G1CollectForAllocation (G1 Evacuation Pause) done
Event: 17.390 Executing VM operation: G1PauseRemark

Events (20 events):
Event: 17.399 Thread 0x0000022d61106c50 flushing nmethod 0x0000022d5485a110
Event: 17.399 Thread 0x0000022d61106c50 flushing nmethod 0x0000022d4cb52c90
Event: 17.399 Thread 0x0000022d61106c50 flushing nmethod 0x0000022d4cc95990
Event: 17.399 Thread 0x0000022d61106c50 flushing nmethod 0x0000022d4cd97110
Event: 17.399 Thread 0x0000022d61106c50 flushing nmethod 0x0000022d4cd97690
Event: 17.399 Thread 0x0000022d61106c50 flushing nmethod 0x0000022d4d1c2510
Event: 17.399 Thread 0x0000022d61106c50 flushing nmethod 0x0000022d4d4ff990
Event: 17.399 Thread 0x0000022d61106c50 flushing nmethod 0x0000022d4d4fff90
Event: 17.399 Thread 0x0000022d61106c50 flushing nmethod 0x0000022d4d500e10
Event: 17.399 Thread 0x0000022d61106c50 flushing nmethod 0x0000022d4d503790
Event: 17.399 Thread 0x0000022d61106c50 flushing nmethod 0x0000022d4d5a7290
Event: 17.399 Thread 0x0000022d61106c50 flushing nmethod 0x0000022d4d5a7690
Event: 17.399 Thread 0x0000022d61106c50 flushing nmethod 0x0000022d4d5a8190
Event: 17.399 Thread 0x0000022d61106c50 flushing nmethod 0x0000022d4d5a8590
Event: 17.399 Thread 0x0000022d61106c50 flushing nmethod 0x0000022d4d5fb690
Event: 17.399 Thread 0x0000022d61106c50 flushing nmethod 0x0000022d4d63c690
Event: 17.399 Thread 0x0000022d61106c50 flushing nmethod 0x0000022d4d63dd90
Event: 17.399 Thread 0x0000022d61106c50 flushing nmethod 0x0000022d4d6d3a90
Event: 17.399 Thread 0x0000022d61106c50 flushing nmethod 0x0000022d4db27d90
Event: 17.399 Thread 0x0000022d61106c50 flushing nmethod 0x0000022d4d636210


Dynamic libraries:
0x00007ff74e9f0000 - 0x00007ff74ea00000 	C:\Program Files\Java\jdk-21.0.5\bin\java.exe
0x00007ffd748b0000 - 0x00007ffd74aa8000 	C:\Windows\SYSTEM32\ntdll.dll
0x00007ffd73fd0000 - 0x00007ffd74092000 	C:\Windows\System32\KERNEL32.DLL
0x00007ffd723b0000 - 0x00007ffd726af000 	C:\Windows\System32\KERNELBASE.dll
0x00007ffd71ff0000 - 0x00007ffd720f0000 	C:\Windows\System32\ucrtbase.dll
0x00007ffcc7500000 - 0x00007ffcc751b000 	C:\Program Files\Java\jdk-21.0.5\bin\VCRUNTIME140.dll
0x00007ffccb3f0000 - 0x00007ffccb409000 	C:\Program Files\Java\jdk-21.0.5\bin\jli.dll
0x00007ffd74530000 - 0x00007ffd745e1000 	C:\Windows\System32\ADVAPI32.dll
0x00007ffd73f30000 - 0x00007ffd73fce000 	C:\Windows\System32\msvcrt.dll
0x00007ffd73200000 - 0x00007ffd7329f000 	C:\Windows\System32\sechost.dll
0x00007ffd742e0000 - 0x00007ffd74403000 	C:\Windows\System32\RPCRT4.dll
0x00007ffd726b0000 - 0x00007ffd726d7000 	C:\Windows\System32\bcrypt.dll
0x00007ffd73060000 - 0x00007ffd731fd000 	C:\Windows\System32\USER32.dll
0x00007ffd72890000 - 0x00007ffd728b2000 	C:\Windows\System32\win32u.dll
0x00007ffd72fd0000 - 0x00007ffd72ffb000 	C:\Windows\System32\GDI32.dll
0x00007ffd72770000 - 0x00007ffd72887000 	C:\Windows\System32\gdi32full.dll
0x00007ffd722a0000 - 0x00007ffd7233d000 	C:\Windows\System32\msvcp_win.dll
0x00007ffd5c880000 - 0x00007ffd5cb1a000 	C:\Windows\WinSxS\amd64_microsoft.windows.common-controls_6595b64144ccf1df_6.0.19041.4355_none_60b8b9eb71f62e16\COMCTL32.dll
0x00007ffd6d040000 - 0x00007ffd6d04a000 	C:\Windows\SYSTEM32\VERSION.dll
0x00007ffd74650000 - 0x00007ffd7467f000 	C:\Windows\System32\IMM32.DLL
0x00007ffd52030000 - 0x00007ffd5218a000 	C:\Windows\system32\tmumh\20019\AddOn\8.55.0.1333\TmUmEvt64.dll
0x00007ffd746e0000 - 0x00007ffd746e8000 	C:\Windows\System32\PSAPI.DLL
0x0000000050b10000 - 0x0000000050c35000 	C:\Windows\system32\tmumh\20019\TmMon\2.9.0.1217\tmmon64.dll
0x00007ffd04da0000 - 0x00007ffd04dac000 	C:\Program Files\Java\jdk-21.0.5\bin\vcruntime140_1.dll
0x00007ffcc45a0000 - 0x00007ffcc462e000 	C:\Program Files\Java\jdk-21.0.5\bin\msvcp140.dll
0x00007ffcb9c00000 - 0x00007ffcba918000 	C:\Program Files\Java\jdk-21.0.5\bin\server\jvm.dll
0x00007ffd72f60000 - 0x00007ffd72fcb000 	C:\Windows\System32\WS2_32.dll
0x00007ffd71da0000 - 0x00007ffd71deb000 	C:\Windows\SYSTEM32\POWRPROF.dll
0x00007ffd5e430000 - 0x00007ffd5e457000 	C:\Windows\SYSTEM32\WINMM.dll
0x00007ffd71d80000 - 0x00007ffd71d92000 	C:\Windows\SYSTEM32\UMPDC.dll
0x00007ffd6fbc0000 - 0x00007ffd6fbd2000 	C:\Windows\SYSTEM32\kernel.appcore.dll
0x00007ffd03800000 - 0x00007ffd0380a000 	C:\Program Files\Java\jdk-21.0.5\bin\jimage.dll
0x00007ffd5cde0000 - 0x00007ffd5cfc4000 	C:\Windows\SYSTEM32\DBGHELP.DLL
0x00007ffd59f20000 - 0x00007ffd59f54000 	C:\Windows\SYSTEM32\dbgcore.DLL
0x00007ffd726e0000 - 0x00007ffd72762000 	C:\Windows\System32\bcryptPrimitives.dll
0x00007ffd44890000 - 0x00007ffd448cc000 	C:\Program Files\Java\jdk-21.0.5\bin\jdwp.dll
0x00007ffd6d6e0000 - 0x00007ffd6d6ef000 	C:\Program Files\Java\jdk-21.0.5\bin\instrument.dll
0x00007ffcc7310000 - 0x00007ffcc732f000 	C:\Program Files\Java\jdk-21.0.5\bin\java.dll
0x00007ffcc6ed0000 - 0x00007ffcc6ee8000 	C:\Program Files\Java\jdk-21.0.5\bin\zip.dll
0x00007ffd737c0000 - 0x00007ffd73f2e000 	C:\Windows\System32\SHELL32.dll
0x00007ffd6fdc0000 - 0x00007ffd70564000 	C:\Windows\SYSTEM32\windows.storage.dll
0x00007ffd73460000 - 0x00007ffd737b5000 	C:\Windows\System32\combase.dll
0x00007ffd717c0000 - 0x00007ffd717ef000 	C:\Windows\SYSTEM32\Wldp.dll
0x00007ffd72950000 - 0x00007ffd72a1d000 	C:\Windows\System32\OLEAUT32.dll
0x00007ffd741d0000 - 0x00007ffd7427d000 	C:\Windows\System32\SHCORE.dll
0x00007ffd74680000 - 0x00007ffd746d5000 	C:\Windows\System32\shlwapi.dll
0x00007ffd71e70000 - 0x00007ffd71e94000 	C:\Windows\SYSTEM32\profapi.dll
0x00007ffcc4e70000 - 0x00007ffcc4f47000 	C:\Program Files\Java\jdk-21.0.5\bin\jsvml.dll
0x00007ffd6d6c0000 - 0x00007ffd6d6cc000 	C:\Program Files\Java\jdk-21.0.5\bin\dt_socket.dll
0x00007ffd712a0000 - 0x00007ffd712db000 	C:\Windows\SYSTEM32\IPHLPAPI.DLL
0x00007ffd715a0000 - 0x00007ffd7160a000 	C:\Windows\system32\mswsock.dll
0x00007ffd02490000 - 0x00007ffd024a0000 	C:\Program Files\Java\jdk-21.0.5\bin\net.dll
0x00007ffd6c540000 - 0x00007ffd6c64d000 	C:\Windows\SYSTEM32\WINHTTP.dll
0x00007ffcc6ef0000 - 0x00007ffcc6f06000 	C:\Program Files\Java\jdk-21.0.5\bin\nio.dll
0x00007ffd6d630000 - 0x00007ffd6d63a000 	C:\Program Files\Java\jdk-21.0.5\bin\management.dll
0x00007ffd68550000 - 0x00007ffd6855b000 	C:\Program Files\Java\jdk-21.0.5\bin\management_ext.dll
0x00007ffd68530000 - 0x00007ffd6853e000 	C:\Program Files\Java\jdk-21.0.5\bin\sunmscapi.dll
0x00007ffd720f0000 - 0x00007ffd7224c000 	C:\Windows\System32\CRYPT32.dll
0x00007ffd71910000 - 0x00007ffd71937000 	C:\Windows\SYSTEM32\ncrypt.dll
0x00007ffd718d0000 - 0x00007ffd7190b000 	C:\Windows\SYSTEM32\NTASN1.dll
0x00007ffd71800000 - 0x00007ffd71818000 	C:\Windows\SYSTEM32\CRYPTSP.dll
0x00007ffd70ee0000 - 0x00007ffd70f14000 	C:\Windows\system32\rsaenh.dll
0x00007ffd71e30000 - 0x00007ffd71e5e000 	C:\Windows\SYSTEM32\USERENV.dll
0x00007ffd71730000 - 0x00007ffd7173c000 	C:\Windows\SYSTEM32\CRYPTBASE.dll
0x00007ffd72a20000 - 0x00007ffd72a28000 	C:\Windows\System32\NSI.dll
0x00007ffcfd4c0000 - 0x00007ffcfd4c9000 	C:\Program Files\Java\jdk-21.0.5\bin\extnet.dll
0x00007ffd5a210000 - 0x00007ffd5a227000 	C:\Windows\system32\napinsp.dll
0x00007ffd59f60000 - 0x00007ffd59f7b000 	C:\Windows\system32\pnrpnsp.dll
0x00007ffd59bd0000 - 0x00007ffd59be5000 	C:\Windows\system32\wshbth.dll
0x00007ffd6d3d0000 - 0x00007ffd6d3ed000 	C:\Windows\system32\NLAapi.dll
0x00007ffd712e0000 - 0x00007ffd713aa000 	C:\Windows\SYSTEM32\DNSAPI.dll
0x00007ffd59ae0000 - 0x00007ffd59af2000 	C:\Windows\System32\winrnr.dll
0x00007ffd6bbd0000 - 0x00007ffd6bbda000 	C:\Windows\System32\rasadhlp.dll
0x00007ffd6eda0000 - 0x00007ffd6ee20000 	C:\Windows\System32\fwpuclnt.dll
0x00007ffccf360000 - 0x00007ffccf370000 	C:\Program Files\Java\jdk-21.0.5\bin\verify.dll

dbghelp: loaded successfully - version: 4.0.5 - missing functions: none
symbol engine: initialized successfully - sym options: 0x614 - pdb path: .;C:\Program Files\Java\jdk-21.0.5\bin;C:\Windows\SYSTEM32;C:\Windows\WinSxS\amd64_microsoft.windows.common-controls_6595b64144ccf1df_6.0.19041.4355_none_60b8b9eb71f62e16;C:\Windows\system32\tmumh\20019\AddOn\8.55.0.1333;C:\Windows\system32\tmumh\20019\TmMon\2.9.0.1217;C:\Program Files\Java\jdk-21.0.5\bin\server

VM Arguments:
jvm_args: -agentlib:jdwp=transport=dt_socket,address=127.0.0.1:63485,suspend=y,server=n -javaagent:C:\Users\lodhishi\AppData\Local\JetBrains\IdeaIC2023.1\captureAgent\debugger-agent.jar=file:/C:/Users/lodhishi/AppData/Local/Temp/capture.props -Dfile.encoding=UTF-8 -Dsun.stdout.encoding=UTF-8 -Dsun.stderr.encoding=UTF-8 
java_command: com.posthub.MainApplication
java_class_path (initial): D:\Learning Workspace\Projects\posthub-main\backend\target\classes;C:\Users\lodhishi\.m2\repository\org\springframework\boot\spring-boot-starter-actuator\3.2.3\spring-boot-starter-actuator-3.2.3.jar;C:\Users\lodhishi\.m2\repository\org\springframework\boot\spring-boot-starter\3.2.3\spring-boot-starter-3.2.3.jar;C:\Users\lodhishi\.m2\repository\org\springframework\boot\spring-boot-starter-logging\3.2.3\spring-boot-starter-logging-3.2.3.jar;C:\Users\lodhishi\.m2\repository\ch\qos\logback\logback-classic\1.4.14\logback-classic-1.4.14.jar;C:\Users\lodhishi\.m2\repository\ch\qos\logback\logback-core\1.4.14\logback-core-1.4.14.jar;C:\Users\lodhishi\.m2\repository\org\apache\logging\log4j\log4j-to-slf4j\2.21.1\log4j-to-slf4j-2.21.1.jar;C:\Users\lodhishi\.m2\repository\org\apache\logging\log4j\log4j-api\2.21.1\log4j-api-2.21.1.jar;C:\Users\lodhishi\.m2\repository\org\slf4j\jul-to-slf4j\2.0.7\jul-to-slf4j-2.0.7.jar;C:\Users\lodhishi\.m2\repository\jakarta\annotation\jakarta.annotation-api\2.1.1\jakarta.annotation-api-2.1.1.jar;C:\Users\lodhishi\.m2\repository\org\springframework\boot\spring-boot-actuator-autoconfigure\3.2.3\spring-boot-actuator-autoconfigure-3.2.3.jar;C:\Users\lodhishi\.m2\repository\org\springframework\boot\spring-boot-actuator\3.2.3\spring-boot-actuator-3.2.3.jar;C:\Users\lodhishi\.m2\repository\com\fasterxml\jackson\datatype\jackson-datatype-jsr310\2.15.4\jackson-datatype-jsr310-2.15.4.jar;C:\Users\lodhishi\.m2\repository\io\micrometer\micrometer-observation\1.12.3\micrometer-observation-1.12.3.jar;C:\Users\lodhishi\.m2\repository\io\micrometer\micrometer-commons\1.12.3\micrometer-commons-1.12.3.jar;C:\Users\lodhishi\.m2\repository\io\micrometer\micrometer-jakarta9\1.12.3\micrometer-jakarta9-1.12.3.jar;C:\Users\lodhishi\.m2\repository\io\micrometer\micrometer-core\1.12.3\micrometer-core-1.12.3.jar;C:\Users\lodhishi\.m2\repository\org\hdrhistogram\HdrHistogram\2.1.12\HdrHistogram-2.1.12.jar;C:\Users\lodhishi\.m2\repository\org\latencyutils\LatencyUtils\2.0.3\LatencyUtils-2.0.3.jar;C:\Users\lodhishi\.m2\repository\org\springframework\boot\spring-boot-starter-thymeleaf\3.2.3\spring-boot-starter-thymeleaf-3.2.3.jar;C:\Users\lodhishi\.m2\repository\org\thymeleaf\thymeleaf-spring6\3.1.2.RELEASE\thymeleaf-spring6-3.1.2.RELEASE.jar;C:\Users\lodhishi\.m2\repository\org\thymeleaf\thymeleaf\3.1.2.RELEASE\thymeleaf-3.1.2.RELEASE.jar;C:\Users\lodhishi\.m2\repository\org\attoparser\attoparser\2.0.7.RELEASE\attoparser-2.0.7.RELEASE.jar;C:\Users\lodhishi\.m2\repository\org\unbescape\unbescape\1.1.6.RELEASE\unbescape-1.1.6.RELEASE.jar;C:\Users\lodhishi\.m2\repository\org\springframework\boot\spring-boot-starter-validation\3.2.3\spring-boot-starter-validation-3.2.3.jar;C:\Users\lodhishi\.m2\repository\org\apache\tomcat\embed\tomcat-embed-el\10.1.19\tomcat-embed-el-10.1.19.jar;C:\Users\lodhishi\.m2\repository\org\hibernate\validator\hibernate-validator\8.0.1.Final\hibernate-validator-8.0.1.Final.jar;C:\Users\lodhishi\.m2\repository\jakarta\validation\jakarta.validation-api\3.0.2\jakarta.validation-api-3.0.2.jar;C:\Users\lodhishi\.m2\repository\org\jboss\logging\jboss-logging\3.5.3.Final\jboss-logging-3.5.3.Final.jar;C:\Users\lodhishi\.m2\repository\com\fasterxml\classmate\1.6.0\classmate-1.6.0.jar;C:\Users\lodhishi\.m2\repository\org\springframework\boot\spring-boot-starter-web\3.2.3\spring-boot-starter-web-3.2.3.jar;C:\Users\lodhishi\.m2\repository\org\springframework\boot\spring-boot-starter-json\3.2.3\spring-boot-starter-json-3.2.3.jar;C:\Users\lodhishi\.m2\repository\com\fasterxml\jackson\datatype\jackson-datatype-jdk8\2.15.4\jackson-datatype-jdk8-2.15.4.jar;C:\Users\lodhishi\.m2\repository\org\springframework\boot\spring-boot-starter-tomcat\3.2.3\spring-boot-starter-tomcat-3.2.3.jar;C:\Users\lodhishi\.m2\repository\org\apache\tomcat\embed\tomcat-embed-core\10.1.19\tomcat-embed-core-10.1.19.jar;C:\Users\lodhishi\.m2\repository\org\apache\tomcat\embed\tomcat-embed-websocket\10.1.19\tomcat-embed-websocket-10.1.19.jar;C:\Users\lodhishi\.m2\repository\org\springframework\spring-web\6.1.4\spring-web-6.1.4.jar;C:\Users\lodhishi\.m2\repository\org\springframework\spring-beans\6.1.4\spring-beans-6.1.4.jar;C:\Users\lodhishi\.m2\repository\org\springframework\spring-webmvc\6.1.4\spring-webmvc-6.1.4.jar;C:\Users\lodhishi\.m2\repository\org\springframework\spring-context\6.1.4\spring-context-6.1.4.jar;C:\Users\lodhishi\.m2\repository\org\springframework\spring-expression\6.1.4\spring-expression-6.1.4.jar;C:\Users\lodhishi\.m2\repository\org\springframework\boot\spring-boot-devtools\3.2.3\spring-boot-devtools-3.2.3.jar;C:\Users\lodhishi\.m2\repository\org\springframework\boot\spring-boot\3.2.3\spring-boot-3.2.3.jar;C:\Users\lodhishi\.m2\repository\org\springframework\boot\spring-boot-autoconfigure\3.2.3\spring-boot-autoconfigure-3.2.3.jar;C:\Users\lodhishi\.m2\repository\org\springframework\boot\spring-boot-docker-compose\3.2.3\spring-boot-docker-compose-3.2.3.jar;C:\Users\lodhishi\.m2\repository\com\fasterxml\jackson\core\jackson-databind\2.15.4\jackson-databind-2.15.4.jar;C:\Users\lodhishi\.m2\repository\com\fasterxml\jackson\core\jackson-annotations\2.15.4\jackson-annotations-2.15.4.jar;C:\Users\lodhishi\.m2\repository\com\fasterxml\jackson\core\jackson-core\2.15.4\jackson-core-2.15.4.jar;C:\Users\lodhishi\.m2\repository\com\fasterxml\jackson\module\jackson-module-parameter-names\2.15.4\jackson-module-parameter-names-2.15.4.jar;C:\Users\lodhishi\.m2\repository\org\springframework\boot\spring-boot-starter-data-jpa\3.2.3\spring-boot-starter-data-jpa-3.2.3.jar;C:\Users\lodhishi\.m2\repository\org\springframework\boot\spring-boot-starter-aop\3.2.3\spring-boot-starter-aop-3.2.3.jar;C:\Users\lodhishi\.m2\repository\org\aspectj\aspectjweaver\1.9.21\aspectjweaver-1.9.21.jar;C:\Users\lodhishi\.m2\repository\org\springframework\boot\spring-boot-starter-jdbc\3.2.3\spring-boot-starter-jdbc-3.2.3.jar;C:\Users\lodhishi\.m2\repository\com\zaxxer\HikariCP\5.0.1\HikariCP-5.0.1.jar;C:\Users\lodhishi\.m2\repository\org\springframework\spring-jdbc\6.1.4\spring-jdbc-6.1.4.jar;C:\Users\lodhishi\.m2\repository\org\hibernate\orm\hibernate-core\6.4.4.Final\hibernate-core-6.4.4.Final.jar;C:\Users\lodhishi\.m2\repository\jakarta\persistence\jakarta.persistence-api\3.1.0\jakarta.persistence-api-3.1.0.jar;C:\Users\lodhishi\.m2\repository\jakarta\transaction\jakarta.transaction-api\2.0.1\jakarta.transaction-api-2.0.1.jar;C:\Users\lodhishi\.m2\repository\org\hibernate\common\hibernate-commons-annotations\6.0.6.Final\hibernate-commons-annotations-6.0.6.Final.jar;C:\Users\lodhishi\.m2\repository\io\smallrye\jandex\3.1.2\jandex-3.1.2.jar;C:\Users\lodhishi\.m2\repository\net\bytebuddy\byte-buddy\1.14.12\byte-buddy-1.14.12.jar;C:\Users\lodhishi\.m2\repository\org\glassfish\jaxb\jaxb-runtime\4.0.4\jaxb-runtime-4.0.4.jar;C:\Users\lodhishi\.m2\repository\org\glassfish\jaxb\jaxb-core\4.0.4\jaxb-core-4.0.4.jar;C:\Users\lodhishi\.m2\repository\org\glassfish\jaxb\txw2\4.0.4\txw2-4.0.4.jar;C:\Users\lodhishi\.m2\repository\com\sun\istack\istack-commons-runtime\4.1.2\istack-commons-runtime-4.1.2.jar;C:\Users\lodhishi\.m2\repository\jakarta\inject\jakarta.inject-api\2.0.1\jakarta.inject-api-2.0.1.jar;C:\Users\lodhishi\.m2\repository\org\antlr\antlr4-runtime\4.13.0\antlr4-runtime-4.13.0.jar;C:\Users\lodhishi\.m2\repository\org\springframework\data\spring-data-jpa\3.2.3\spring-data-jpa-3.2.3.jar;C:\Users\lodhishi\.m2\repository\org\springframework\data\spring-data-commons\3.2.3\spring-data-commons-3.2.3.jar;C:\Users\lodhishi\.m2\repository\org\springframework\spring-orm\6.1.4\spring-orm-6.1.4.jar;C:\Users\lodhishi\.m2\repository\org\springframework\spring-tx\6.1.4\spring-tx-6.1.4.jar;C:\Users\lodhishi\.m2\repository\org\springframework\spring-aspects\6.1.4\spring-aspects-6.1.4.jar;C:\Users\lodhishi\.m2\repository\org\postgresql\postgresql\42.6.1\postgresql-42.6.1.jar;C:\Users\lodhishi\.m2\repository\org\checkerframework\checker-qual\3.31.0\checker-qual-3.31.0.jar;C:\Users\lodhishi\.m2\repository\org\liquibase\liquibase-core\4.23.0\liquibase-core-4.23.0.jar;C:\Users\lodhishi\.m2\repository\com\opencsv\opencsv\5.7.1\opencsv-5.7.1.jar;C:\Users\lodhishi\.m2\repository\org\apache\commons\commons-lang3\3.13.0\commons-lang3-3.13.0.jar;C:\Users\lodhishi\.m2\repository\org\apache\commons\commons-text\1.10.0\commons-text-1.10.0.jar;C:\Users\lodhishi\.m2\repository\org\apache\commons\commons-collections4\4.4\commons-collections4-4.4.jar;C:\Users\lodhishi\.m2\repository\org\yaml\snakeyaml\2.2\snakeyaml-2.2.jar;C:\Users\lodhishi\.m2\repository\javax\xml\bind\jaxb-api\2.3.1\jaxb-api-2.3.1.jar;C:\Users\lodhishi\.m2\repository\javax\activation\javax.activation-api\1.2.0\javax.activation-api-1.2.0.jar;C:\Users\lodhishi\.m2\repository\org\springframework\boot\spring-boot-starter-data-redis\3.2.3\spring-boot-starter-data-redis-3.2.3.jar;C:\Users\lodhishi\.m2\repository\io\lettuce\lettuce-core\6.3.1.RELEASE\lettuce-core-6.3.1.RELEASE.jar;C:\Users\lodhishi\.m2\repository\io\netty\netty-common\4.1.107.Final\netty-common-4.1.107.Final.jar;C:\Users\lodhishi\.m2\repository\io\netty\netty-handler\4.1.107.Final\netty-handler-4.1.107.Final.jar;C:\Users\lodhishi\.m2\repository\io\netty\netty-resolver\4.1.107.Final\netty-resolver-4.1.107.Final.jar;C:\Users\lodhishi\.m2\repository\io\netty\netty-buffer\4.1.107.Final\netty-buffer-4.1.107.Final.jar;C:\Users\lodhishi\.m2\repository\io\netty\netty-transport-native-unix-common\4.1.107.Final\netty-transport-native-unix-common-4.1.107.Final.jar;C:\Users\lodhishi\.m2\repository\io\netty\netty-codec\4.1.107.Final\netty-codec-4.1.107.Final.jar;C:\Users\lodhishi\.m2\repository\io\netty\netty-transport\4.1.107.Final\netty-transport-4.1.107.Final.jar;C:\Users\lodhishi\.m2\repository\io\projectreactor\reactor-core\3.6.3\reactor-core-3.6.3.jar;C:\Users\lodhishi\.m2\repository\org\reactivestreams\reactive-streams\1.0.4\reactive-streams-1.0.4.jar;C:\Users\lodhishi\.m2\repository\org\springframework\data\spring-data-redis\3.2.3\spring-data-redis-3.2.3.jar;C:\Users\lodhishi\.m2\repository\org\springframework\data\spring-data-keyvalue\3.2.3\spring-data-keyvalue-3.2.3.jar;C:\Users\lodhishi\.m2\repository\org\springframework\spring-oxm\6.1.4\spring-oxm-6.1.4.jar;C:\Users\lodhishi\.m2\repository\org\springframework\boot\spring-boot-configuration-processor\3.2.3\spring-boot-configuration-processor-3.2.3.jar;C:\Users\lodhishi\.m2\repository\org\springframework\boot\spring-boot-starter-security\3.2.3\spring-boot-starter-security-3.2.3.jar;C:\Users\lodhishi\.m2\repository\org\springframework\spring-aop\6.1.4\spring-aop-6.1.4.jar;C:\Users\lodhishi\.m2\repository\org\springframework\security\spring-security-config\6.2.2\spring-security-config-6.2.2.jar;C:\Users\lodhishi\.m2\repository\org\springframework\security\spring-security-core\6.2.2\spring-security-core-6.2.2.jar;C:\Users\lodhishi\.m2\repository\org\springframework\security\spring-security-crypto\6.2.2\spring-security-crypto-6.2.2.jar;C:\Users\lodhishi\.m2\repository\org\springframework\security\spring-security-web\6.2.2\spring-security-web-6.2.2.jar;C:\Users\lodhishi\.m2\repository\org\springframework\boot\spring-boot-starter-mail\3.2.3\spring-boot-starter-mail-3.2.3.jar;C:\Users\lodhishi\.m2\repository\org\springframework\spring-context-support\6.1.4\spring-context-support-6.1.4.jar;C:\Users\lodhishi\.m2\repository\org\eclipse\angus\jakarta.mail\2.0.2\jakarta.mail-2.0.2.jar;C:\Users\lodhishi\.m2\repository\jakarta\activation\jakarta.activation-api\2.1.2\jakarta.activation-api-2.1.2.jar;C:\Users\lodhishi\.m2\repository\org\eclipse\angus\angus-activation\2.0.1\angus-activation-2.0.1.jar;C:\Users\lodhishi\.m2\repository\org\springframework\boot\spring-boot-starter-websocket\3.2.3\spring-boot-starter-websocket-3.2.3.jar;C:\Users\lodhishi\.m2\repository\org\springframework\spring-messaging\6.1.4\spring-messaging-6.1.4.jar;C:\Users\lodhishi\.m2\repository\org\springframework\spring-websocket\6.1.4\spring-websocket-6.1.4.jar;C:\Users\lodhishi\.m2\repository\io\jsonwebtoken\jjwt-api\0.11.5\jjwt-api-0.11.5.jar;C:\Users\lodhishi\.m2\repository\io\jsonwebtoken\jjwt-impl\0.11.5\jjwt-impl-0.11.5.jar;C:\Users\lodhishi\.m2\repository\io\jsonwebtoken\jjwt-jackson\0.11.5\jjwt-jackson-0.11.5.jar;C:\Users\lodhishi\.m2\repository\org\projectlombok\lombok\1.18.30\lombok-1.18.30.jar;C:\Users\lodhishi\.m2\repository\org\slf4j\jcl-over-slf4j\2.0.7\jcl-over-slf4j-2.0.7.jar;C:\Users\lodhishi\.m2\repository\org\slf4j\slf4j-api\2.0.7\slf4j-api-2.0.7.jar;C:\Users\lodhishi\.m2\repository\commons-beanutils\commons-beanutils\1.9.4\commons-beanutils-1.9.4.jar;C:\Users\lodhishi\.m2\repository\commons-collections\commons-collections\3.2.2\commons-collections-3.2.2.jar;C:\Users\lodhishi\.m2\repository\org\passay\passay\1.6.2\passay-1.6.2.jar;C:\Users\lodhishi\.m2\repository\org\springdoc\springdoc-openapi-starter-webmvc-api\2.0.2\springdoc-openapi-starter-webmvc-api-2.0.2.jar;C:\Users\lodhishi\.m2\repository\org\springdoc\springdoc-openapi-starter-common\2.0.2\springdoc-openapi-starter-common-2.0.2.jar;C:\Users\lodhishi\.m2\repository\io\swagger\core\v3\swagger-core-jakarta\2.2.7\swagger-core-jakarta-2.2.7.jar;C:\Users\lodhishi\.m2\repository\io\swagger\core\v3\swagger-annotations-jakarta\2.2.7\swagger-annotations-jakarta-2.2.7.jar;C:\Users\lodhishi\.m2\repository\io\swagger\core\v3\swagger-models-jakarta\2.2.7\swagger-models-jakarta-2.2.7.jar;C:\Users\lodhishi\.m2\repository\com\fasterxml\jackson\dataformat\jackson-dataformat-yaml\2.15.4\jackson-dataformat-yaml-2.15.4.jar;C:\Users\lodhishi\.m2\repository\org\springdoc\springdoc-openapi-starter-webmvc-ui\2.0.2\springdoc-openapi-starter-webmvc-ui-2.0.2.jar;C:\Users\lodhishi\.m2\repository\org\webjars\swagger-ui\4.15.5\swagger-ui-4.15.5.jar;C:\Users\lodhishi\.m2\repository\org\webjars\webjars-locator-core\0.55\webjars-locator-core-0.55.jar;C:\Users\lodhishi\.m2\repository\io\github\classgraph\classgraph\4.8.149\classgraph-4.8.149.jar;C:\Users\lodhishi\.m2\repository\jakarta\xml\bind\jakarta.xml.bind-api\4.0.1\jakarta.xml.bind-api-4.0.1.jar;C:\Users\lodhishi\.m2\repository\org\springframework\spring-core\6.1.4\spring-core-6.1.4.jar;C:\Users\lodhishi\.m2\repository\org\springframework\spring-jcl\6.1.4\spring-jcl-6.1.4.jar;D:\Application Data\Intellij idea\IntelliJ IDEA Community Edition 2023.1\lib\idea_rt.jar
Launcher Type: SUN_STANDARD

[Global flags]
     intx CICompilerCount                          = 4                                         {product} {ergonomic}
     uint ConcGCThreads                            = 3                                         {product} {ergonomic}
     uint G1ConcRefinementThreads                  = 10                                        {product} {ergonomic}
   size_t G1HeapRegionSize                         = 2097152                                   {product} {ergonomic}
    uintx GCDrainStackTargetSize                   = 64                                        {product} {ergonomic}
   size_t InitialHeapSize                          = 266338304                                 {product} {ergonomic}
   size_t MarkStackSize                            = 4194304                                   {product} {ergonomic}
   size_t MaxHeapSize                              = 4238344192                                {product} {ergonomic}
   size_t MaxNewSize                               = 2541748224                                {product} {ergonomic}
   size_t MinHeapDeltaBytes                        = 2097152                                   {product} {ergonomic}
   size_t MinHeapSize                              = 8388608                                   {product} {ergonomic}
    uintx NonNMethodCodeHeapSize                   = 5839372                                {pd product} {ergonomic}
    uintx NonProfiledCodeHeapSize                  = 122909434                              {pd product} {ergonomic}
    uintx ProfiledCodeHeapSize                     = 122909434                              {pd product} {ergonomic}
    uintx ReservedCodeCacheSize                    = 251658240                              {pd product} {ergonomic}
     bool SegmentedCodeCache                       = true                                      {product} {ergonomic}
   size_t SoftMaxHeapSize                          = 4238344192                             {manageable} {ergonomic}
     bool UseCompressedOops                        = true                           {product lp64_product} {ergonomic}
     bool UseG1GC                                  = true                                      {product} {ergonomic}
     bool UseLargePagesIndividualAllocation        = false                                  {pd product} {ergonomic}

Logging:
Log output configuration:
 #0: stdout all=warning uptime,level,tags foldmultilines=false
 #1: stderr all=off uptime,level,tags foldmultilines=false

Environment Variables:
JAVA_HOME=C:\Program Files\Java\jdk-21.0.5
PATH=D:\oracle\dbhomeFree\bin;C:\Python312\Scripts\;C:\Python312\;C:\Windows\system32;C:\Windows;C:\Windows\System32\Wbem;C:\Windows\System32\WindowsPowerShell\v1.0\;C:\Windows\System32\OpenSSH\;C:\ProgramData\chocolatey\bin;Git\cmd;D:\program files\Git\bin;C:\Program Files (x86)\Microsoft SQL Server\150\DTS\Binn\;C:\Program Files\Azure Data Studio\bin;C:\Program Files\Java\jdk-21.0.5\bin;C:\Users\lodhishi\AppData\Roaming\nvm;C:\Program Files\nodejs;C:\Program Files\nodejs;C:\spark\bin;C:\spark\sbin;;C:\Program Files\Docker\Docker\resources\bin;C:\Program Files\PowerShell\7-preview\preview;C:\Program Files\PowerShell\7\;C:\Users\lodhishi\AppData\Local\Microsoft\WindowsApps;D:\Application Data\Intellij idea\IntelliJ IDEA Community Edition 2023.1\bin;C:\Users\lodhishi\AppData\Local\Programs\Microsoft VS Code\bin;C:\apache-maven-3.9.2\bin;C:\Program Files\Azure Data Studio\bin;C:\Users\lodhishi\AppData\Roaming\nvm;C:\Program Files\nodejs;C:\Users\lodhishi\AppData\Local\Programs\Fiddler;C:\bigdata;C:\spark-3.4.0-bin-hadoop3\bin;C:\spark\bin;C:\hadoop-2.7.71;C:\Program Files\Java\jre1.8.0_181\bin;C:\Program Files\Java\jdk-21.0.5\bin;C:\Users\lodhishi\IntelliJ IDEA 2024.3.5\bin;;C:\Program Files\JetBrains\IntelliJ IDEA Community Edition 2024.3.5\bin;;C:\nginx-1.25.1;
USERNAME=lodhishi
OS=Windows_NT
PROCESSOR_IDENTIFIER=Intel64 Family 6 Model 165 Stepping 3, GenuineIntel
TMP=C:\Users\lodhishi\AppData\Local\Temp
TEMP=C:\Users\lodhishi\AppData\Local\Temp




Periodic native trim disabled

---------------  S Y S T E M  ---------------

OS:
 Windows 10 , 64 bit Build 19041 (10.0.19041.5198)
OS uptime: 2 days 19:03 hours
Hyper-V role detected

CPU: total 12 (initial active 12) (6 cores per cpu, 2 threads per core) family 6 model 165 stepping 3 microcode 0xea, cx8, cmov, fxsr, ht, mmx, 3dnowpref, sse, sse2, sse3, ssse3, sse4.1, sse4.2, popcnt, lzcnt, tsc, tscinvbit, avx, avx2, aes, erms, clmul, bmi1, bmi2, adx, fma, vzeroupper, clflush, clflushopt, hv, rdtscp, f16c
Processor Information for all 12 processors :
  Max Mhz: 2904, Current Mhz: 2904, Mhz Limit: 2904

Memory: 4k page, system-wide physical 16164M (245M free)
TotalPageFile size 43700M (AvailPageFile size 135M)
current process WorkingSet (physical memory assigned to process): 442M, peak: 452M
current process commit charge ("private bytes"): 485M, peak: 531M

vm_info: Java HotSpot(TM) 64-Bit Server VM (21.0.5+9-LTS-239) for windows-amd64 JRE (21.0.5+9-LTS-239), built on 2024-09-30T05:17:38Z by "mach5one" with MS VC++ 17.6 (VS2022)

END.
